============================= test session starts ==============================
platform linux -- Python 3.11.14, pytest-9.0.2, pluggy-1.6.0 -- /home/debian/code/etcd3aio/.venv/bin/python
cachedir: .pytest_cache
rootdir: /home/debian/code/etcd3aio
configfile: pyproject.toml
testpaths: tests/unit, tests/integration
plugins: cov-7.0.0, asyncio-1.3.0
asyncio: mode=Mode.STRICT, debug=False, asyncio_default_fixture_loop_scope=session, asyncio_default_test_loop_scope=session
collecting ... collected 149 items

tests/unit/test_auth.py::test_auth_status_returns_response PASSED        [  0%]
tests/unit/test_auth.py::test_auth_status_disabled PASSED                [  1%]
tests/unit/test_auth.py::test_authenticate_returns_token PASSED          [  2%]
tests/unit/test_auth.py::test_authenticate_invalid_credentials_raises_unauthenticated PASSED [  2%]
tests/unit/test_auth.py::test_authenticate_auth_not_enabled_raises_unauthenticated PASSED [  3%]
tests/unit/test_auth.py::test_permission_denied_raises_etcd_error PASSED [  4%]
tests/unit/test_auth.py::test_missing_token_on_kv_raises_unauthenticated PASSED [  4%]
tests/unit/test_auth.py::test_set_token_injects_metadata_into_rpc_call PASSED [  5%]
tests/unit/test_auth.py::test_set_token_none_clears_metadata PASSED      [  6%]
tests/unit/test_auth.py::test_token_refresher_authenticates_on_entry_and_clears_on_exit PASSED [  6%]
tests/unit/test_auth.py::test_token_refresher_run_re_authenticates_at_interval PASSED [  7%]
tests/unit/test_auth.py::test_token_refresher_handles_reauth_failure_gracefully PASSED [  8%]
tests/unit/test_auth.py::test_auth_enable_returns_response PASSED        [  8%]
tests/unit/test_auth.py::test_auth_disable_returns_response PASSED       [  9%]
tests/unit/test_auth.py::test_user_add_sends_name_and_password PASSED    [ 10%]
tests/unit/test_auth.py::test_user_add_no_password_sets_option PASSED    [ 10%]
tests/unit/test_auth.py::test_user_get_sends_name PASSED                 [ 11%]
tests/unit/test_auth.py::test_user_list_returns_response PASSED          [ 12%]
tests/unit/test_auth.py::test_user_delete_sends_name PASSED              [ 12%]
tests/unit/test_auth.py::test_user_change_password_sends_name_and_password PASSED [ 13%]
tests/unit/test_auth.py::test_user_grant_role_sends_user_and_role PASSED [ 14%]
tests/unit/test_auth.py::test_user_revoke_role_sends_name_and_role PASSED [ 14%]
tests/unit/test_auth.py::test_role_add_sends_name PASSED                 [ 15%]
tests/unit/test_auth.py::test_role_get_returns_permissions PASSED        [ 16%]
tests/unit/test_auth.py::test_role_list_returns_response PASSED          [ 16%]
tests/unit/test_auth.py::test_role_delete_sends_role PASSED              [ 17%]
tests/unit/test_auth.py::test_role_grant_permission_single_key PASSED    [ 18%]
tests/unit/test_auth.py::test_role_grant_permission_range PASSED         [ 18%]
tests/unit/test_auth.py::test_role_revoke_permission_sends_role_and_key PASSED [ 19%]
tests/unit/test_auth.py::test_role_revoke_permission_with_range PASSED   [ 20%]
tests/unit/test_client.py::test_connect_initializes_services PASSED      [ 20%]
tests/unit/test_client.py::test_async_context_manager_lifecycle PASSED   [ 21%]
tests/unit/test_client.py::test_ping_performs_read_and_write_check PASSED [ 22%]
tests/unit/test_client.py::test_ping_read_only_skips_write PASSED        [ 22%]
tests/unit/test_client.py::test_ping_revoke_suppressed_on_write_failure PASSED [ 23%]
tests/unit/test_client.py::test_ping_raises_when_not_connected PASSED    [ 24%]
tests/unit/test_client.py::test_token_param_applies_to_all_services_on_connect PASSED [ 24%]
tests/unit/test_client.py::test_set_token_propagates_to_all_active_services PASSED [ 25%]
tests/unit/test_client.py::test_token_refresher_factory_returns_refresher PASSED [ 26%]
tests/unit/test_client.py::test_token_refresher_factory_raises_when_not_connected PASSED [ 26%]
tests/unit/test_cluster.py::test_member_list_default_linearizable PASSED [ 27%]
tests/unit/test_cluster.py::test_member_list_non_linearizable PASSED     [ 28%]
tests/unit/test_cluster.py::test_member_add_voting_member PASSED         [ 28%]
tests/unit/test_cluster.py::test_member_add_learner PASSED               [ 29%]
tests/unit/test_cluster.py::test_member_remove_sends_member_id PASSED    [ 30%]
tests/unit/test_cluster.py::test_member_update_sends_id_and_peer_urls PASSED [ 30%]
tests/unit/test_cluster.py::test_member_promote_sends_member_id PASSED   [ 31%]
tests/unit/test_concurrency.py::test_lock_acquired_immediately_when_no_contention PASSED [ 32%]
tests/unit/test_concurrency.py::test_lock_waits_for_predecessor_deletion PASSED [ 32%]
tests/unit/test_concurrency.py::test_lock_release_suppresses_etcd_errors PASSED [ 33%]
tests/unit/test_concurrency.py::test_lock_keys_are_isolated_by_name PASSED [ 34%]
tests/unit/test_concurrency.py::test_election_stores_value_as_leader_identity PASSED [ 34%]
tests/unit/test_concurrency.py::test_election_waits_for_predecessor PASSED [ 35%]
tests/unit/test_concurrency.py::test_client_lock_raises_when_not_connected PASSED [ 36%]
tests/unit/test_concurrency.py::test_client_election_raises_when_not_connected PASSED [ 36%]
tests/unit/test_concurrency.py::test_election_leader_queries_prefix_sorted_by_create_revision PASSED [ 37%]
tests/unit/test_concurrency.py::test_election_leader_returns_empty_kvs_when_no_leader PASSED [ 38%]
tests/unit/test_concurrency.py::test_election_proclaim_updates_leader_key_value PASSED [ 38%]
tests/unit/test_concurrency.py::test_election_proclaim_raises_when_not_holding_election PASSED [ 39%]
tests/unit/test_concurrency.py::test_election_observe_yields_only_put_responses PASSED [ 40%]
tests/unit/test_connections.py::test_target_formatting PASSED            [ 40%]
tests/unit/test_connections.py::test_grpc_options PASSED                 [ 41%]
tests/unit/test_connections.py::test_tls_requires_ca_cert PASSED         [ 42%]
tests/unit/test_kv.py::test_put_encodes_string_inputs PASSED             [ 42%]
tests/unit/test_kv.py::test_get_and_delete_accept_bytes_range_end PASSED [ 43%]
tests/unit/test_kv.py::test_transient_error_retries_then_succeeds PASSED [ 44%]
tests/unit/test_kv.py::test_transient_error_raises_after_max_attempts PASSED [ 44%]
tests/unit/test_kv.py::test_unavailable_raises_connection_error_after_max_attempts PASSED [ 45%]
tests/unit/test_kv.py::test_error_message_includes_grpc_detail PASSED    [ 46%]
tests/unit/test_kv.py::test_txn_calls_stub_with_compare_and_operations PASSED [ 46%]
tests/unit/test_kv.py::test_txn_helper_builders PASSED                   [ 47%]
tests/unit/test_kv.py::test_txn_compare_create_revision_key_does_not_exist PASSED [ 48%]
tests/unit/test_kv.py::test_txn_compare_create_revision_with_result_and_range_end PASSED [ 48%]
tests/unit/test_kv.py::test_compact_calls_stub_with_revision PASSED      [ 49%]
tests/unit/test_kv.py::test_rpc_timeout_raises_timeout_error PASSED      [ 50%]
tests/unit/test_kv.py::test_get_limit_is_passed_to_range_request PASSED  [ 51%]
tests/unit/test_kv.py::test_get_sort_order_and_target_are_passed PASSED  [ 51%]
tests/unit/test_kv.py::test_get_keys_only_suppresses_values PASSED       [ 52%]
tests/unit/test_kv.py::test_get_count_only_returns_count PASSED          [ 53%]
tests/unit/test_kv.py::test_prefix_range_end_increments_last_byte PASSED [ 53%]
tests/unit/test_kv.py::test_prefix_range_end_handles_0xff_bytes PASSED   [ 54%]
tests/unit/test_kv.py::test_prefix_range_end_all_0xff_returns_null_byte PASSED [ 55%]
tests/unit/test_lease.py::test_grant_revoke_time_to_live PASSED          [ 55%]
tests/unit/test_lease.py::test_keep_alive_starts_stream_with_lease_id PASSED [ 56%]
tests/unit/test_lease.py::test_leases_returns_all_active_leases PASSED   [ 57%]
tests/unit/test_lease.py::test_keep_alive_context_lifecycle PASSED       [ 57%]
tests/unit/test_lease.py::test_keep_alive_context_marks_alive_false_when_lease_expires PASSED [ 58%]
tests/unit/test_lease.py::test_keep_alive_context_adjusts_interval_from_server_ttl PASSED [ 59%]
tests/unit/test_maintenance.py::test_status_returns_response PASSED      [ 59%]
tests/unit/test_maintenance.py::test_alarms_sends_get_action PASSED      [ 60%]
tests/unit/test_maintenance.py::test_alarm_deactivate_sends_deactivate_action PASSED [ 61%]
tests/unit/test_maintenance.py::test_alarm_deactivate_defaults_broadcast_all PASSED [ 61%]
tests/unit/test_maintenance.py::test_alarms_response_contains_alarm_members PASSED [ 62%]
tests/unit/test_maintenance.py::test_defragment_returns_response PASSED  [ 63%]
tests/unit/test_maintenance.py::test_hash_kv_sends_revision PASSED       [ 63%]
tests/unit/test_maintenance.py::test_hash_kv_defaults_to_latest PASSED   [ 64%]
tests/unit/test_maintenance.py::test_move_leader_sends_target_id PASSED  [ 65%]
tests/unit/test_maintenance.py::test_snapshot_yields_blob_chunks PASSED  [ 65%]
tests/unit/test_maintenance.py::test_snapshot_empty_stream_yields_nothing PASSED [ 66%]
tests/unit/test_maintenance.py::test_hash_returns_response PASSED        [ 67%]
tests/unit/test_maintenance.py::test_downgrade_validate_sends_correct_request PASSED [ 67%]
tests/unit/test_maintenance.py::test_downgrade_enable_sends_correct_request PASSED [ 68%]
tests/unit/test_maintenance.py::test_downgrade_cancel_sends_correct_request PASSED [ 69%]
tests/unit/test_watch.py::test_watch_reconnects_on_transient_error PASSED [ 69%]
tests/unit/test_watch.py::test_watch_raises_on_non_transient_error PASSED [ 70%]
tests/unit/test_watch.py::test_watch_passes_filters_to_create_request PASSED [ 71%]
tests/unit/test_watch.py::test_watch_passes_progress_notify_to_create_request PASSED [ 71%]
tests/unit/test_watch.py::test_watch_filter_enum_values PASSED           [ 72%]
tests/integration/test_cluster.py::test_member_list_returns_at_least_one_member PASSED [ 73%]
tests/integration/test_cluster.py::test_member_list_members_have_client_urls PASSED [ 73%]
tests/integration/test_cluster.py::test_member_list_non_linearizable PASSED [ 74%]
tests/integration/test_cluster.py::test_member_list_single_node_cluster_has_no_learners PASSED [ 75%]
tests/integration/test_concurrency.py::test_lock_acquired_and_released PASSED [ 75%]
tests/integration/test_concurrency.py::test_lock_mutual_exclusion_between_two_holders PASSED [ 76%]
tests/integration/test_concurrency.py::test_lock_manual_acquire_and_release PASSED [ 77%]
tests/integration/test_concurrency.py::test_election_campaign_and_resign PASSED [ 77%]
tests/integration/test_concurrency.py::test_election_observe_yields_put_events PASSED [ 78%]
tests/integration/test_kv.py::test_put_and_get_roundtrip PASSED          [ 79%]
tests/integration/test_kv.py::test_put_overwrites_existing_value PASSED  [ 79%]
tests/integration/test_kv.py::test_get_missing_key_returns_empty PASSED  [ 80%]
tests/integration/test_kv.py::test_delete_removes_key PASSED             [ 81%]
tests/integration/test_kv.py::test_delete_with_prev_kv_returns_old_value PASSED [ 81%]
tests/integration/test_kv.py::test_prefix_scan_returns_all_keys PASSED   [ 82%]
tests/integration/test_kv.py::test_get_with_limit PASSED                 [ 83%]
tests/integration/test_kv.py::test_get_keys_only_returns_no_values PASSED [ 83%]
tests/integration/test_kv.py::test_get_count_only_returns_count_without_data PASSED [ 84%]
tests/integration/test_kv.py::test_get_sort_descend_by_key PASSED        [ 85%]
tests/integration/test_kv.py::test_txn_put_if_key_does_not_exist PASSED  [ 85%]
tests/integration/test_kv.py::test_txn_compare_and_swap PASSED           [ 86%]
tests/integration/test_kv.py::test_compact_does_not_raise PASSED         [ 87%]
tests/integration/test_lease.py::test_grant_and_time_to_live PASSED      [ 87%]
tests/integration/test_lease.py::test_key_attached_to_lease_is_deleted_when_revoked PASSED [ 88%]
tests/integration/test_lease.py::test_time_to_live_with_keys_shows_attached_keys PASSED [ 89%]
tests/integration/test_lease.py::test_leases_lists_active_lease PASSED   [ 89%]
tests/integration/test_lease.py::test_lease_expires_and_key_disappears PASSED [ 90%]
tests/integration/test_lease.py::test_keep_alive_context_keeps_key_alive PASSED [ 91%]
tests/integration/test_maintenance.py::test_status_returns_version_and_leader PASSED [ 91%]
tests/integration/test_maintenance.py::test_status_db_size_is_positive PASSED [ 92%]
tests/integration/test_maintenance.py::test_alarms_returns_list PASSED   [ 93%]
tests/integration/test_maintenance.py::test_no_active_nospace_or_corrupt_alarms PASSED [ 93%]
tests/integration/test_maintenance.py::test_defragment_does_not_raise PASSED [ 94%]
tests/integration/test_maintenance.py::test_hash_returns_nonzero_value PASSED [ 95%]
tests/integration/test_maintenance.py::test_hash_kv_returns_consistent_hash_and_revision PASSED [ 95%]
tests/integration/test_maintenance.py::test_snapshot_streams_non_empty_bytes PASSED [ 96%]
tests/integration/test_maintenance.py::test_downgrade_validate_does_not_raise PASSED [ 97%]
tests/integration/test_watch.py::test_watch_receives_put_event PASSED    [ 97%]
tests/integration/test_watch.py::test_watch_receives_delete_event PASSED [ 98%]
tests/integration/test_watch.py::test_watch_nodelete_filter_suppresses_delete PASSED [ 99%]
tests/integration/test_watch.py::test_watch_from_start_revision_replays_past_events PASSED [100%]

================================ tests coverage ================================
_______________ coverage: platform linux, python 3.11.14-final-0 _______________

Name                          Stmts   Miss  Cover
-------------------------------------------------
src/etcd3aio/__init__.py         14      0   100%
src/etcd3aio/_protobuf.py       113      0   100%
src/etcd3aio/auth.py             88      1    99%
src/etcd3aio/base.py             55      4    93%
src/etcd3aio/client.py           84      0   100%
src/etcd3aio/cluster.py          18      0   100%
src/etcd3aio/concurrency.py      86      1    99%
src/etcd3aio/connections.py      21      3    86%
src/etcd3aio/errors.py            6      0   100%
src/etcd3aio/kv.py               78      2    97%
src/etcd3aio/lease.py            67      2    97%
src/etcd3aio/maintenance.py      40      0   100%
src/etcd3aio/watch.py            56      4    93%
-------------------------------------------------
TOTAL                           726     17    98%
Coverage HTML written to dir htmlcov
Coverage XML written to file coverage.xml
============================= 149 passed in 8.74s ==============================
